// Jest Snapshot v1, https://goo.gl/fbAQLP

exports[`should render header should render home link in header navbar 1`] = `
<a
  class="nav-item nav-link active"
  data-testid="nav-home"
  href="/"
>
  Home
</a>
`;

exports[`should render header should render protection page link in header navbar 1`] = `
<a
  class="nav-item nav-link"
  data-testid="nav-protection-page"
  href="/protection-page"
>
  Protection page (?)
</a>
`;
